Sample_ID	SV_Status	Site1_Hugo_Symbol	Site2_Hugo_Symbol	Site1_Ensembl_Transcript_Id	Site2_Ensembl_Transcript_Id	Site1_Entrez_Gene_Id	Site2_Entrez_Gene_Id	Site1_Region_Number	Site2_Region_Number	Site1_Region	Site2_Region	Site1_Chromosome	Site2_Chromosome	Site1_Contig	Site2_Contig	Site1_Position	Site2_Position	Site1_Description	Site2_Description	Site2_EffectOnFrame	NCBI_Build	SV_Class	Tumor_Split_Read_Count	Tumor_Paired_End_Read_Count	Event_Info	Breakpoint_Type	Connection_Type	Annotation	Breakpoint_Type	DNA_Support	RNA_Support	SV_Length	Normal_Read_Count	Tumor_Read_Count	Normal_Variant_Count	Tumor_Variant_Count	Normal_Paired_End_Read_Count	Normal_Split_End_Read_Count	Comments
P-DMP-P001-T01-IM5		LMNA	NTRK1																						NTRK1-LMNA fusion														
P-DMP-P001-T03-IM6		LMNA	NTRK1																						NTRK1-LMNA fusion														
P-DMP-P001-T03-IM6		AXIN1																							AXIN1-intragenic														
P-DMP-P001-T04-IM6		LMNA	NTRK1																						NTRK1-LMNA fusion														
P-DMP-P001-T02-IM6		AXIN1																							AXIN1-intragenic														
